// Jest Snapshot v1, https://goo.gl/fbAQLP

exports[`Update Password Form Render should render correctly 1`] = `ShallowWrapper {}`;
